// Vitest Snapshot v1

exports[`RoamConvertor > generateContentFromRoamNote > handles both formats of todos 1`] = `"<h1>note1</h1><ul><li><p>parent</p><ul><li><input type=\\"checkbox\\" ><p>todo 1</p><ul></ul></li><li><input type=\\"checkbox\\" ><p>todo 2</p><ul></ul></li></ul></li></ul>"`;

exports[`RoamConvertor > generateContentFromRoamNote > handles list with mixed bullets and tasks 1`] = `"<h1>note1</h1><ul><li><p>parent</p><ul><li><input type=\\"checkbox\\" ><p>todo 1</p><ul></ul></li><li><input type=\\"checkbox\\" checked><p>todo 2</p><ul></ul></li><li><p>bullet 1</p><ul></ul></li><li><p>bullet 2</p><ul></ul></li><li><input type=\\"checkbox\\" ><p>todo 3</p><ul></ul></li></ul></li></ul>"`;

exports[`RoamConvertor > parses exampleGraph 1`] = `
[
  {
    "backlinkNoteIds": [],
    "createdAt": 1600041600000,
    "dailyAt": 1600041600000,
    "html": "<h1>September 14th, 2020</h1><ul><li><p>Test</p></li><li></li></ul>",
    "id": "roam-09-14-2020",
    "subject": "September 14th, 2020",
    "updatedAt": 1600057101270,
  },
  {
    "backlinkNoteIds": [
      "roam-j6wBG1tYR",
    ],
    "createdAt": 1600128000000,
    "dailyAt": 1600128000000,
    "html": "<h1>September 15th, 2020</h1><ul><li><p>test</p></li><li><p>asdf <a class=\\"backlink new\\" href=\\"https://reflect.app/g/123/roam-j6wBG1tYR\\">hid</a></p></li><li></li></ul>",
    "id": "roam-09-15-2020",
    "subject": "September 15th, 2020",
    "updatedAt": 1600139707013,
  },
  {
    "backlinkNoteIds": [],
    "createdAt": undefined,
    "dailyAt": undefined,
    "html": "<h1>hid</h1><ul></ul>",
    "id": "roam-j6wBG1tYR",
    "subject": "hid",
    "updatedAt": 1600150462125,
  },
  {
    "backlinkNoteIds": [],
    "createdAt": 1600214400000,
    "dailyAt": 1600214400000,
    "html": "<h1>September 16th, 2020</h1><ul><li><p>New page:</p><ul><li><p>Hi there</p></li></ul></li><li><p>asdf</p></li><li><p>((fVSnYTWX-))</p></li><li><ul><li><p>asdfs</p></li></ul></li></ul>",
    "id": "roam-09-16-2020",
    "subject": "September 16th, 2020",
    "updatedAt": 1600171206515,
  },
  {
    "backlinkNoteIds": [
      "roam-20vV-tWxq",
      "roam-JSdjtHezQ",
    ],
    "createdAt": 1600560000000,
    "dailyAt": 1600560000000,
    "html": "<h1>September 20th, 2020</h1><ul><li><p>Blah</p></li><li><p>Antoher</p><ul><li><p><a class=\\"backlink new\\" href=\\"https://reflect.app/g/123/roam-20vV-tWxq\\">Page</a></p></li><li><p><a class=\\"backlink new\\" href=\\"https://reflect.app/g/123/roam-JSdjtHezQ\\">Another one</a></p></li><li></li></ul></li></ul>",
    "id": "roam-09-20-2020",
    "subject": "September 20th, 2020",
    "updatedAt": 1600566771305,
  },
  {
    "backlinkNoteIds": [
      "roam-20vV-tWxq",
    ],
    "createdAt": 1600566888904,
    "dailyAt": undefined,
    "html": "<h1>Page</h1><ul><li><p>A comment</p><ul><li><p><a class=\\"backlink new\\" href=\\"https://reflect.app/g/123/roam-20vV-tWxq\\">Page</a></p></li></ul></li></ul>",
    "id": "roam-20vV-tWxq",
    "subject": "Page",
    "updatedAt": 1600566782912,
  },
  {
    "backlinkNoteIds": [],
    "createdAt": 1600566843402,
    "dailyAt": undefined,
    "html": "<h1>Another one</h1><ul><li></li></ul>",
    "id": "roam-JSdjtHezQ",
    "subject": "Another one",
    "updatedAt": 1600566787181,
  },
  {
    "backlinkNoteIds": [
      "roam-20vV-tWxq",
    ],
    "createdAt": 1601510400000,
    "dailyAt": 1601510400000,
    "html": "<h1>October 1st, 2020</h1><ul><li><p>A parent</p><ul><li><p>Alex <a class=\\"backlink new\\" href=\\"https://reflect.app/g/123/roam-20vV-tWxq\\">Page</a></p></li></ul></li><li><p>Alex Page</p><ul><li></li><li><p>Test</p><ul><li><p>Another</p><ul><li><p>Deep</p><ul><li><p>asdfasdf</p></li><li><p>as</p></li><li><p>dfa</p></li><li><p>sdf'asd</p></li></ul></li></ul></li></ul></li></ul></li></ul>",
    "id": "roam-10-01-2020",
    "subject": "October 1st, 2020",
    "updatedAt": 1601547790265,
  },
  {
    "backlinkNoteIds": [
      "roam-20vV-tWxq",
    ],
    "createdAt": 1601596800000,
    "dailyAt": 1601596800000,
    "html": "<h1>October 2nd, 2020</h1><ul><li><p>asdf</p></li><li><p><a class=\\"backlink new\\" href=\\"https://reflect.app/g/123/roam-20vV-tWxq\\">Page</a></p></li><li><p>asdf</p><ul><li><p>asdf</p><ul><li><p>adsf</p></li></ul></li></ul></li></ul>",
    "id": "roam-10-02-2020",
    "subject": "October 2nd, 2020",
    "updatedAt": 1601603710972,
  },
  {
    "backlinkNoteIds": [],
    "createdAt": 1601683200000,
    "dailyAt": 1601683200000,
    "html": "<h1>October 3rd, 2020</h1><ul></ul>",
    "id": "roam-10-03-2020",
    "subject": "October 3rd, 2020",
    "updatedAt": 1601636405186,
  },
  {
    "backlinkNoteIds": [],
    "createdAt": 1601856000000,
    "dailyAt": 1601856000000,
    "html": "<h1>October 5th, 2020</h1><ul><li></li></ul>",
    "id": "roam-10-05-2020",
    "subject": "October 5th, 2020",
    "updatedAt": 1601865293407,
  },
  {
    "backlinkNoteIds": [],
    "createdAt": 1602028800000,
    "dailyAt": 1602028800000,
    "html": "<h1>October 7th, 2020</h1><ul></ul>",
    "id": "roam-10-07-2020",
    "subject": "October 7th, 2020",
    "updatedAt": 1602030149795,
  },
  {
    "backlinkNoteIds": [],
    "createdAt": 1602547200000,
    "dailyAt": 1602547200000,
    "html": "<h1>October 13th, 2020</h1><ul><li><p>It's a daily note</p><ul><li><p>asdfasdf <strong>bold</strong> sdf</p></li><li></li></ul></li></ul>",
    "id": "roam-10-13-2020",
    "subject": "October 13th, 2020",
    "updatedAt": 1602564338609,
  },
  {
    "backlinkNoteIds": [],
    "createdAt": 1602633600000,
    "dailyAt": 1602633600000,
    "html": "<h1>October 14th, 2020</h1><ul></ul>",
    "id": "roam-10-14-2020",
    "subject": "October 14th, 2020",
    "updatedAt": 1602598553692,
  },
  {
    "backlinkNoteIds": [],
    "createdAt": 1602720000000,
    "dailyAt": 1602720000000,
    "html": "<h1>October 15th, 2020</h1><ul></ul>",
    "id": "roam-10-15-2020",
    "subject": "October 15th, 2020",
    "updatedAt": 1602673203764,
  },
  {
    "backlinkNoteIds": [],
    "createdAt": 1605312000000,
    "dailyAt": 1605312000000,
    "html": "<h1>November 14th, 2020</h1><ul><li></li></ul>",
    "id": "roam-11-14-2020",
    "subject": "November 14th, 2020",
    "updatedAt": 1605310990419,
  },
  {
    "backlinkNoteIds": [],
    "createdAt": 1606089600000,
    "dailyAt": 1606089600000,
    "html": "<h1>November 23rd, 2020</h1><ul><li><p>test</p></li><li><p>asdf</p><ul><li><p>asdf</p></li><li><p>asdf</p></li><li></li><li><p>asdfasdf</p></li><li><ul><li><p>dasdfasdf</p><ul><li><p>asdf</p></li></ul></li></ul></li></ul></li><li><p>asdf</p></li><li></li></ul>",
    "id": "roam-11-23-2020",
    "subject": "November 23rd, 2020",
    "updatedAt": 1606096906114,
  },
  {
    "backlinkNoteIds": [],
    "createdAt": 1607385600000,
    "dailyAt": 1607385600000,
    "html": "<h1>December 8th, 2020</h1><ul></ul>",
    "id": "roam-12-08-2020",
    "subject": "December 8th, 2020",
    "updatedAt": 1607401158714,
  },
  {
    "backlinkNoteIds": [
      "roam-JSdjtHezQ",
    ],
    "createdAt": 1607817600000,
    "dailyAt": 1607817600000,
    "html": "<h1>December 13th, 2020</h1><ul><li><p>one</p></li><li><p>two</p></li><li><p>tthree</p></li><li><p>asd</p><ul><li><p>d</p></li></ul></li><li><p><a class=\\"backlink new\\" href=\\"https://reflect.app/g/123/roam-JSdjtHezQ\\">Another one</a></p></li><li></li><li></li><li></li><li></li><li></li></ul>",
    "id": "roam-12-13-2020",
    "subject": "December 13th, 2020",
    "updatedAt": 1607800050272,
  },
  {
    "backlinkNoteIds": [],
    "createdAt": 1607800116658,
    "dailyAt": undefined,
    "html": "<h1>Roam</h1><ul><li></li></ul>",
    "id": "roam-C6BuI5xV7",
    "subject": "Roam",
    "updatedAt": 1607800090084,
  },
  {
    "backlinkNoteIds": [
      "roam-pTKChrTZg",
    ],
    "createdAt": 1612569600000,
    "dailyAt": 1612569600000,
    "html": "<h1>February 6th, 2021</h1><ul><li><p>Hello <a class=\\"backlink new\\" href=\\"https://reflect.app/g/123/roam-pTKChrTZg\\">Richard</a></p></li><li><p>I can't <em>even</em> do html <strong>preview</strong></p><ul><li></li></ul></li></ul>",
    "id": "roam-02-06-2021",
    "subject": "February 6th, 2021",
    "updatedAt": 1612558450851,
  },
  {
    "backlinkNoteIds": [],
    "createdAt": undefined,
    "dailyAt": undefined,
    "html": "<h1>Richard</h1><ul></ul>",
    "id": "roam-pTKChrTZg",
    "subject": "Richard",
    "updatedAt": 1612558460650,
  },
  {
    "backlinkNoteIds": [],
    "createdAt": 1612828800000,
    "dailyAt": 1612828800000,
    "html": "<h1>February 9th, 2021</h1><ul></ul>",
    "id": "roam-02-09-2021",
    "subject": "February 9th, 2021",
    "updatedAt": 1612811843299,
  },
  {
    "backlinkNoteIds": [],
    "createdAt": 1616112000000,
    "dailyAt": 1616112000000,
    "html": "<h1>March 19th, 2021</h1><ul><li><p>one</p><ul><li><p>asdf</p></li><li><p>asdf</p><ul><li></li></ul></li></ul></li></ul>",
    "id": "roam-03-19-2021",
    "subject": "March 19th, 2021",
    "updatedAt": 1616138582207,
  },
  {
    "backlinkNoteIds": [],
    "createdAt": 1618185600000,
    "dailyAt": 1618185600000,
    "html": "<h1>April 12th, 2021</h1><ul><li><p>asdf</p><ul><li><p>asdf</p><ul><li></li></ul></li></ul></li></ul>",
    "id": "roam-04-12-2021",
    "subject": "April 12th, 2021",
    "updatedAt": 1618185082951,
  },
  {
    "backlinkNoteIds": [],
    "createdAt": 1622937600000,
    "dailyAt": 1622937600000,
    "html": "<h1>June 6th, 2021</h1><ul></ul>",
    "id": "roam-06-06-2021",
    "subject": "June 6th, 2021",
    "updatedAt": 1623029435620,
  },
  {
    "backlinkNoteIds": [],
    "createdAt": 1624406400000,
    "dailyAt": 1624406400000,
    "html": "<h1>June 23rd, 2021</h1><ul><li><p>one</p><ul><li><p>two</p></li><li><p><em>three</em></p></li><li></li></ul></li></ul>",
    "id": "roam-06-23-2021",
    "subject": "June 23rd, 2021",
    "updatedAt": 1624463476606,
  },
  {
    "backlinkNoteIds": [],
    "createdAt": 1627257600000,
    "dailyAt": 1627257600000,
    "html": "<h1>July 26th, 2021</h1><ul><li><p>Daily note</p></li></ul>",
    "id": "roam-07-26-2021",
    "subject": "July 26th, 2021",
    "updatedAt": 1627310438148,
  },
]
`;

exports[`RoamConvertor > parses exampleGraph2 1`] = `
[
  {
    "backlinkNoteIds": [],
    "createdAt": undefined,
    "dailyAt": undefined,
    "html": "<h1>Anonymous</h1><ul></ul>",
    "id": "roam-kfEoMevXn",
    "subject": "Anonymous",
    "updatedAt": 1669965625215,
  },
  {
    "backlinkNoteIds": [
      "roam-DOBbkj36v",
      "roam-KdxCBc-jS",
    ],
    "createdAt": 1669939200000,
    "dailyAt": 1669939200000,
    "html": "<h1>December 2nd, 2022</h1><ul><li><p>First page</p></li><li><p><a class=\\"backlink new\\" href=\\"https://reflect.app/g/123/roam-DOBbkj36v\\">Richard</a> is awesome</p></li><li><p><a class=\\"backlink new\\" href=\\"https://reflect.app/g/123/roam-KdxCBc-jS\\">Person</a> connected to ((OekWfoURN)) mentioning <a class=\\"backlink new\\" href=\\"https://reflect.app/g/123/roam-DOBbkj36v\\">Richard</a></p></li><li><p><a class=\\"backlink new\\" href=\\"https://reflect.app/g/123/roam-DOBbkj36v\\">Richard</a> ((LcbA2Kdnp)) and is a <a class=\\"backlink new\\" href=\\"https://reflect.app/g/123/roam-KdxCBc-jS\\">Person</a></p></li><li><p>((LcbA2Kdnp)) brother <a class=\\"backlink new\\" href=\\"https://reflect.app/g/123/roam-DOBbkj36v\\">Richard</a> is a <a class=\\"backlink new\\" href=\\"https://reflect.app/g/123/roam-KdxCBc-jS\\">Person</a></p></li><li><input type=\\"checkbox\\" checked><p>asdfdd</p></li><li><input type=\\"checkbox\\" ><p>todo</p></li></ul>",
    "id": "roam-12-02-2022",
    "subject": "December 2nd, 2022",
    "updatedAt": 1669965625219,
  },
  {
    "backlinkNoteIds": [],
    "createdAt": 1669965645817,
    "dailyAt": undefined,
    "html": "<h1>Richard</h1><ul><li><p>test</p></li><li><p>Is my brother</p></li></ul>",
    "id": "roam-DOBbkj36v",
    "subject": "Richard",
    "updatedAt": 1669965639615,
  },
  {
    "backlinkNoteIds": [],
    "createdAt": 1669965651533,
    "dailyAt": undefined,
    "html": "<h1>Person</h1><ul><li><p>Something excellent about people</p></li><li><p>A person is a person</p></li></ul>",
    "id": "roam-KdxCBc-jS",
    "subject": "Person",
    "updatedAt": 1669965644221,
  },
  {
    "backlinkNoteIds": [],
    "createdAt": undefined,
    "dailyAt": undefined,
    "html": "<h1>ric</h1><ul></ul>",
    "id": "roam-MH_5XfEZ-",
    "subject": "ric",
    "updatedAt": 1669965841744,
  },
  {
    "backlinkNoteIds": [],
    "createdAt": undefined,
    "dailyAt": undefined,
    "html": "<h1>TODO</h1><ul></ul>",
    "id": "roam-ijCI34X3F",
    "subject": "TODO",
    "updatedAt": 1669973027789,
  },
  {
    "backlinkNoteIds": [],
    "createdAt": undefined,
    "dailyAt": undefined,
    "html": "<h1>DONE</h1><ul></ul>",
    "id": "roam-U4DhTc5Fh",
    "subject": "DONE",
    "updatedAt": 1669973038813,
  },
]
`;
